2026-07-09 18:55:03,918 - INFO - Dataset loaded successfully.
2026-07-09 18:55:03,937 - INFO - Dataset summary generated.
2026-07-09 18:55:04,044 - INFO - Statistical summary generated.
2026-07-09 18:55:04,055 - INFO - Dataset profile exported.
2026-07-09 19:02:47,774 - INFO - Dataset loaded successfully.
2026-07-09 19:02:47,783 - INFO - Dataset summary generated.
2026-07-09 19:02:47,894 - INFO - Statistical summary generated.
2026-07-09 19:02:47,908 - INFO - Dataset profile exported.
2026-07-09 19:09:30,238 - INFO - Dataset loaded successfully.
2026-07-10 09:08:11,373 - INFO - Dataset loaded successfully.
2026-07-10 09:27:07,375 - INFO - Dataset loaded successfully.
2026-07-10 09:49:43,615 - INFO - Dataset loaded successfully.
2026-07-10 10:21:33,856 - INFO - Dataset loaded successfully.
2026-07-10 10:21:33,874 - INFO - Dataset summary generated.
2026-07-10 10:21:33,972 - INFO - Statistical summary generated.
2026-07-10 10:21:33,984 - INFO - Dataset profile exported.
2026-07-10 10:21:33,996 - INFO - Dataset loaded successfully.
2026-07-10 10:21:38,327 - INFO - Dataset loaded successfully.
2026-07-10 10:21:42,875 - INFO - Using categorical units to plot a list of strings that are all parsable as floats or dates. If these strings should be plotted as numbers, cast to the appropriate data type before plotting.
2026-07-10 10:21:42,883 - INFO - Using categorical units to plot a list of strings that are all parsable as floats or dates. If these strings should be plotted as numbers, cast to the appropriate data type before plotting.
2026-07-10 10:24:40,242 - INFO - Dataset loaded successfully.
2026-07-10 10:24:40,254 - INFO - Dataset summary generated.
2026-07-10 10:24:40,339 - INFO - Statistical summary generated.
2026-07-10 10:24:40,350 - INFO - Dataset profile exported.
2026-07-10 10:24:40,356 - INFO - Dataset loaded successfully.
2026-07-10 10:24:44,406 - INFO - Dataset loaded successfully.
2026-07-10 10:24:49,239 - INFO - Using categorical units to plot a list of strings that are all parsable as floats or dates. If these strings should be plotted as numbers, cast to the appropriate data type before plotting.
2026-07-10 10:24:49,245 - INFO - Using categorical units to plot a list of strings that are all parsable as floats or dates. If these strings should be plotted as numbers, cast to the appropriate data type before plotting.
2026-07-10 10:24:55,967 - WARNING - Background dataset has 123 samples but max_samples=100. Subsampling to 100 samples for SHAP value computation. To use all samples, set max_samples=123 when initializing the masker.
2026-08-10 07:37:12,984 - INFO - Dataset loaded successfully.
2026-08-10 07:37:12,995 - INFO - Dataset summary generated.
2026-08-10 07:37:13,176 - INFO - Statistical summary generated.
2026-08-10 07:37:13,199 - INFO - Dataset profile exported.
2026-08-10 07:37:13,228 - INFO - Dataset loaded successfully.
2026-08-10 07:42:48,535 - INFO - Dataset loaded successfully.
2026-08-10 07:42:48,535 - INFO - Dataset summary generated.
2026-08-10 07:42:48,656 - INFO - Statistical summary generated.
2026-08-10 07:42:48,671 - INFO - Dataset profile exported.
2026-08-10 07:42:48,682 - INFO - Dataset loaded successfully.
2026-08-10 07:43:03,226 - INFO - Dataset loaded successfully.
2026-08-10 07:43:09,464 - INFO - Using categorical units to plot a list of strings that are all parsable as floats or dates. If these strings should be plotted as numbers, cast to the appropriate data type before plotting.
2026-08-10 07:43:09,473 - INFO - Using categorical units to plot a list of strings that are all parsable as floats or dates. If these strings should be plotted as numbers, cast to the appropriate data type before plotting.
2026-08-10 08:05:39,854 - INFO - Dataset loaded successfully.
2026-08-10 08:05:39,858 - INFO - Dataset summary generated.
2026-08-10 08:05:39,943 - INFO - Statistical summary generated.
2026-08-10 08:05:39,956 - INFO - Dataset profile exported.
2026-08-10 08:05:39,964 - INFO - Dataset loaded successfully.
2026-08-10 08:05:50,571 - INFO - Dataset loaded successfully.
2026-08-10 08:05:57,387 - INFO - Using categorical units to plot a list of strings that are all parsable as floats or dates. If these strings should be plotted as numbers, cast to the appropriate data type before plotting.
2026-08-10 08:05:57,424 - INFO - Using categorical units to plot a list of strings that are all parsable as floats or dates. If these strings should be plotted as numbers, cast to the appropriate data type before plotting.
2026-08-10 08:12:58,904 - INFO - Merged dataset: 614 rows from 3 sources.
2026-08-10 08:12:58,906 - INFO - Dataset loaded successfully.
2026-08-10 08:12:58,908 - INFO - Dataset summary generated.
2026-08-10 08:12:58,957 - INFO - Statistical summary generated.
2026-08-10 08:12:58,969 - INFO - Dataset profile exported.
2026-08-10 08:12:58,993 - INFO - Merged dataset: 614 rows from 3 sources.
2026-08-10 08:12:58,994 - INFO - Dataset loaded successfully.
2026-08-10 08:13:01,647 - INFO - Merged dataset: 614 rows from 3 sources.
2026-08-10 08:13:01,648 - INFO - Dataset loaded successfully.
2026-08-10 08:13:05,406 - INFO - Using categorical units to plot a list of strings that are all parsable as floats or dates. If these strings should be plotted as numbers, cast to the appropriate data type before plotting.
2026-08-10 08:13:05,416 - INFO - Using categorical units to plot a list of strings that are all parsable as floats or dates. If these strings should be plotted as numbers, cast to the appropriate data type before plotting.
2026-08-10 08:32:16,336 - INFO - Dataset loaded successfully.
2026-08-10 08:32:16,342 - INFO - Dataset summary generated.
2026-08-10 08:32:16,418 - INFO - Statistical summary generated.
2026-08-10 08:32:16,431 - INFO - Dataset profile exported.
2026-08-10 08:32:16,443 - INFO - Dataset loaded successfully.
2026-08-10 08:32:19,235 - INFO - Dataset loaded successfully.
2026-08-10 08:32:23,023 - INFO - Using categorical units to plot a list of strings that are all parsable as floats or dates. If these strings should be plotted as numbers, cast to the appropriate data type before plotting.
2026-08-10 08:32:23,026 - INFO - Using categorical units to plot a list of strings that are all parsable as floats or dates. If these strings should be plotted as numbers, cast to the appropriate data type before plotting.
2026-08-10 09:10:47,190 - INFO - Dataset loaded successfully.
2026-08-10 09:10:47,194 - INFO - Dataset summary generated.
2026-08-10 09:10:48,401 - INFO - Statistical summary generated.
2026-08-10 09:10:48,660 - INFO - Dataset profile exported.
2026-08-10 09:10:49,249 - INFO - Dataset loaded successfully.
2026-08-10 09:10:55,908 - INFO - Dataset loaded successfully.
2026-08-10 09:12:17,461 - INFO - Dataset loaded successfully.
2026-08-10 09:12:17,464 - INFO - Dataset summary generated.
2026-08-10 09:12:18,477 - INFO - Statistical summary generated.
2026-08-10 09:12:18,698 - INFO - Dataset profile exported.
2026-08-10 09:12:19,249 - INFO - Dataset loaded successfully.
2026-08-10 09:12:24,752 - INFO - Dataset loaded successfully.
2026-08-10 09:12:40,482 - INFO - Using categorical units to plot a list of strings that are all parsable as floats or dates. If these strings should be plotted as numbers, cast to the appropriate data type before plotting.
2026-08-10 09:12:40,715 - INFO - Using categorical units to plot a list of strings that are all parsable as floats or dates. If these strings should be plotted as numbers, cast to the appropriate data type before plotting.
2026-08-10 09:16:32,051 - INFO - Dataset loaded successfully.
2026-08-10 09:16:32,056 - INFO - Dataset summary generated.
2026-08-10 09:16:33,076 - INFO - Statistical summary generated.
2026-08-10 09:16:33,293 - INFO - Dataset profile exported.
2026-08-10 09:16:33,844 - INFO - Dataset loaded successfully.
2026-08-10 09:16:39,059 - INFO - Dataset loaded successfully.
2026-08-10 09:16:53,836 - INFO - Using categorical units to plot a list of strings that are all parsable as floats or dates. If these strings should be plotted as numbers, cast to the appropriate data type before plotting.
2026-08-10 09:16:54,086 - INFO - Using categorical units to plot a list of strings that are all parsable as floats or dates. If these strings should be plotted as numbers, cast to the appropriate data type before plotting.
2026-08-10 09:24:16,549 - INFO - Dataset loaded successfully.
2026-08-10 09:24:16,551 - INFO - Dataset summary generated.
2026-08-10 09:24:17,800 - INFO - Statistical summary generated.
2026-08-10 09:24:18,077 - INFO - Dataset profile exported.
2026-08-10 09:24:18,764 - INFO - Dataset loaded successfully.
2026-08-10 09:24:24,422 - INFO - Dataset loaded successfully.
2026-08-10 09:24:41,311 - INFO - Using categorical units to plot a list of strings that are all parsable as floats or dates. If these strings should be plotted as numbers, cast to the appropriate data type before plotting.
2026-08-10 09:24:41,575 - INFO - Using categorical units to plot a list of strings that are all parsable as floats or dates. If these strings should be plotted as numbers, cast to the appropriate data type before plotting.
2026-08-10 09:28:50,079 - INFO - Dataset loaded successfully.
2026-08-10 09:28:50,085 - INFO - Dataset summary generated.
2026-08-10 09:28:51,462 - INFO - Statistical summary generated.
2026-08-10 09:28:51,770 - INFO - Dataset profile exported.
2026-08-10 09:28:52,446 - INFO - Dataset loaded successfully.
2026-08-10 09:28:57,469 - INFO - Dataset loaded successfully.
2026-08-10 09:29:14,921 - INFO - Using categorical units to plot a list of strings that are all parsable as floats or dates. If these strings should be plotted as numbers, cast to the appropriate data type before plotting.
2026-08-10 09:29:15,208 - INFO - Using categorical units to plot a list of strings that are all parsable as floats or dates. If these strings should be plotted as numbers, cast to the appropriate data type before plotting.
2026-08-10 10:48:30,255 - INFO - Dataset loaded successfully.
2026-08-10 10:48:30,266 - INFO - Dataset summary generated.
2026-08-10 10:48:31,758 - INFO - Statistical summary generated.
2026-08-10 10:48:32,174 - INFO - Dataset profile exported.
2026-08-10 10:48:33,257 - INFO - Dataset loaded successfully.
2026-08-10 10:48:40,052 - INFO - Dataset loaded successfully.
2026-08-10 10:48:58,590 - INFO - Using categorical units to plot a list of strings that are all parsable as floats or dates. If these strings should be plotted as numbers, cast to the appropriate data type before plotting.
2026-08-10 10:48:58,859 - INFO - Using categorical units to plot a list of strings that are all parsable as floats or dates. If these strings should be plotted as numbers, cast to the appropriate data type before plotting.
2026-08-10 10:57:08,138 - INFO - Dataset loaded successfully.
2026-08-10 10:57:08,143 - INFO - Dataset summary generated.
2026-08-10 10:57:09,499 - INFO - Statistical summary generated.
2026-08-10 10:57:09,814 - INFO - Dataset profile exported.
2026-08-10 10:57:10,540 - INFO - Dataset loaded successfully.
2026-08-10 10:57:15,910 - INFO - Dataset loaded successfully.
2026-08-10 10:57:33,832 - INFO - Using categorical units to plot a list of strings that are all parsable as floats or dates. If these strings should be plotted as numbers, cast to the appropriate data type before plotting.
2026-08-10 10:57:34,063 - INFO - Using categorical units to plot a list of strings that are all parsable as floats or dates. If these strings should be plotted as numbers, cast to the appropriate data type before plotting.
2026-08-10 20:26:10,795 - INFO - Dataset loaded successfully.
2026-08-10 20:26:10,807 - INFO - Dataset summary generated.
2026-08-10 20:26:12,546 - INFO - Statistical summary generated.
2026-08-10 20:26:13,171 - INFO - Dataset profile exported.
2026-08-10 20:26:15,389 - INFO - Dataset loaded successfully.
2026-08-10 20:26:43,159 - INFO - Dataset loaded successfully.
2026-08-10 20:27:11,615 - INFO - Using categorical units to plot a list of strings that are all parsable as floats or dates. If these strings should be plotted as numbers, cast to the appropriate data type before plotting.
2026-08-10 20:27:12,060 - INFO - Using categorical units to plot a list of strings that are all parsable as floats or dates. If these strings should be plotted as numbers, cast to the appropriate data type before plotting.
2026-08-10 20:57:18,346 - INFO - Dataset loaded successfully.
2026-08-10 20:57:18,346 - INFO - Dataset summary generated.
2026-08-10 20:57:19,710 - INFO - Statistical summary generated.
2026-08-10 20:57:20,018 - INFO - Dataset profile exported.
2026-08-10 20:57:20,758 - INFO - Dataset loaded successfully.
2026-08-10 20:57:28,690 - INFO - Dataset loaded successfully.
2026-08-10 20:57:48,107 - INFO - Using categorical units to plot a list of strings that are all parsable as floats or dates. If these strings should be plotted as numbers, cast to the appropriate data type before plotting.
2026-08-10 20:57:48,386 - INFO - Using categorical units to plot a list of strings that are all parsable as floats or dates. If these strings should be plotted as numbers, cast to the appropriate data type before plotting.
2026-08-10 21:16:31,160 - INFO - Dataset loaded successfully.
2026-08-10 21:16:31,167 - INFO - Dataset summary generated.
2026-08-10 21:16:32,876 - INFO - Statistical summary generated.
2026-08-10 21:16:33,236 - INFO - Dataset profile exported.
2026-08-10 21:16:34,248 - INFO - Dataset loaded successfully.
2026-08-10 21:16:41,433 - INFO - Dataset loaded successfully.
2026-08-10 21:17:00,132 - INFO - Using categorical units to plot a list of strings that are all parsable as floats or dates. If these strings should be plotted as numbers, cast to the appropriate data type before plotting.
2026-08-10 21:17:00,393 - INFO - Using categorical units to plot a list of strings that are all parsable as floats or dates. If these strings should be plotted as numbers, cast to the appropriate data type before plotting.
2026-08-10 21:27:02,588 - INFO - Dataset loaded successfully.
2026-08-10 21:27:02,594 - INFO - Dataset summary generated.
2026-08-10 21:27:03,742 - INFO - Statistical summary generated.
2026-08-10 21:27:03,994 - INFO - Dataset profile exported.
2026-08-10 21:27:04,725 - INFO - Dataset loaded successfully.
2026-08-10 21:27:09,991 - INFO - Dataset loaded successfully.
2026-08-10 21:27:28,330 - INFO - Using categorical units to plot a list of strings that are all parsable as floats or dates. If these strings should be plotted as numbers, cast to the appropriate data type before plotting.
2026-08-10 21:27:28,597 - INFO - Using categorical units to plot a list of strings that are all parsable as floats or dates. If these strings should be plotted as numbers, cast to the appropriate data type before plotting.
2026-08-11 07:31:28,055 - INFO - Dataset loaded successfully.
2026-08-11 07:31:28,060 - INFO - Dataset summary generated.
2026-08-11 07:31:29,284 - INFO - Statistical summary generated.
2026-08-11 07:31:29,591 - INFO - Dataset profile exported.
2026-08-11 07:31:30,203 - INFO - Dataset loaded successfully.
2026-08-11 07:31:37,539 - INFO - Dataset loaded successfully.
2026-08-11 07:31:57,128 - INFO - Using categorical units to plot a list of strings that are all parsable as floats or dates. If these strings should be plotted as numbers, cast to the appropriate data type before plotting.
2026-08-11 07:31:57,359 - INFO - Using categorical units to plot a list of strings that are all parsable as floats or dates. If these strings should be plotted as numbers, cast to the appropriate data type before plotting.
2026-08-11 08:51:16,705 - INFO - Dataset loaded successfully.
2026-08-11 08:51:16,711 - INFO - Dataset summary generated.
2026-08-11 08:51:18,027 - INFO - Statistical summary generated.
2026-08-11 08:51:18,342 - INFO - Dataset profile exported.
2026-08-11 08:51:19,110 - INFO - Dataset loaded successfully.
2026-08-11 08:51:24,573 - INFO - Dataset loaded successfully.
2026-08-11 08:51:44,025 - INFO - Using categorical units to plot a list of strings that are all parsable as floats or dates. If these strings should be plotted as numbers, cast to the appropriate data type before plotting.
2026-08-11 08:51:44,267 - INFO - Using categorical units to plot a list of strings that are all parsable as floats or dates. If these strings should be plotted as numbers, cast to the appropriate data type before plotting.
2026-08-11 08:56:48,447 - INFO - Dataset loaded successfully.
2026-08-11 08:56:48,447 - INFO - Dataset summary generated.
2026-08-11 08:56:49,611 - INFO - Statistical summary generated.
2026-08-11 08:56:49,840 - INFO - Dataset profile exported.
2026-08-11 08:56:50,343 - INFO - Dataset loaded successfully.
2026-08-11 08:56:56,193 - INFO - Dataset loaded successfully.
2026-08-11 08:57:16,414 - INFO - Using categorical units to plot a list of strings that are all parsable as floats or dates. If these strings should be plotted as numbers, cast to the appropriate data type before plotting.
2026-08-11 08:57:16,672 - INFO - Using categorical units to plot a list of strings that are all parsable as floats or dates. If these strings should be plotted as numbers, cast to the appropriate data type before plotting.
2026-08-11 09:34:56,152 - INFO - Dataset loaded successfully.
2026-08-11 09:34:56,158 - INFO - Dataset summary generated.
2026-08-11 09:34:57,447 - INFO - Statistical summary generated.
2026-08-11 09:34:57,909 - INFO - Dataset profile exported.
2026-08-11 09:34:58,744 - INFO - Dataset loaded successfully.
2026-08-11 09:35:06,406 - INFO - Dataset loaded successfully.
2026-08-11 09:35:26,849 - INFO - Using categorical units to plot a list of strings that are all parsable as floats or dates. If these strings should be plotted as numbers, cast to the appropriate data type before plotting.
2026-08-11 09:35:27,102 - INFO - Using categorical units to plot a list of strings that are all parsable as floats or dates. If these strings should be plotted as numbers, cast to the appropriate data type before plotting.
